// Jest Snapshot v1, https://goo.gl/fbAQLP

exports[`render tests renders correctly 1`] = `ShallowWrapper {}`;
